// Jest Snapshot v1, https://goo.gl/fbAQLP

exports[`validate manuscript validates a manuscript with a test template: validation-results-using-test-template 1`] = `
Array [
  Object {
    "data": Object {
      "sectionDescription": Object {
        "_id": "MPSectionDescription:30856582-BC9E-426A-B4C5-56F5F681CDF8",
        "objectType": "MPSectionDescription",
        "required": true,
        "sectionCategory": "MPSectionCategory:introduction",
      },
    },
    "passed": false,
    "severity": 0,
    "type": "required-section",
  },
  Object {
    "data": Object {
      "sectionDescription": Object {
        "_id": "MPSectionDescription:03FC1135-1F04-49A0-9D8F-E595EC2E6863",
        "objectType": "MPSectionDescription",
        "required": true,
        "sectionCategory": "MPSectionCategory:materials-method",
        "title": "online methods",
      },
    },
    "passed": false,
    "severity": 0,
    "type": "required-section",
  },
  Object {
    "data": Object {
      "sectionDescription": Object {
        "_id": "MPSectionDescription:9F8AC4A6-0B93-46A9-ADF4-BC8F6A6603BE",
        "maxTitleCharLength": 400,
        "maxWordCount": 400,
        "objectType": "MPSectionDescription",
        "required": true,
        "sectionCategory": "MPSectionCategory:abstract",
      },
    },
    "passed": false,
    "severity": 0,
    "type": "required-section",
  },
  Object {
    "data": Object {
      "sectionDescription": Object {
        "_id": "MPSectionDescription:6C7F0155-A41D-456E-B396-E06FEB081CA9",
        "objectType": "MPSectionDescription",
        "required": true,
        "sectionCategory": "MPSectionCategory:results",
        "title": "Results",
      },
    },
    "passed": false,
    "severity": 0,
    "type": "required-section",
  },
  Object {
    "data": Object {
      "sectionDescription": Object {
        "_id": "MPSectionDescription:C37FB688-B8E2-44A3-959A-C76CA1C405A3",
        "objectType": "MPSectionDescription",
        "required": true,
        "sectionCategory": "MPSectionCategory:competing-interests",
        "title": "Competing financial interest",
      },
    },
    "passed": false,
    "severity": 0,
    "type": "required-section",
  },
  Object {
    "data": Object {
      "sectionDescription": Object {
        "_id": "MPSectionDescription:43239655-328D-4A07-A587-B21BF8E4230F",
        "objectType": "MPSectionDescription",
        "required": true,
        "sectionCategory": "MPSectionCategory:discussion",
        "title": "Discussion",
      },
    },
    "passed": false,
    "severity": 0,
    "type": "required-section",
  },
  Object {
    "data": Object {
      "count": 459,
      "value": 400,
    },
    "passed": false,
    "severity": 0,
    "type": "manuscript-maximum-characters",
  },
  Object {
    "data": Object {
      "count": 459,
      "value": 100,
    },
    "passed": true,
    "severity": 0,
    "type": "manuscript-minimum-characters",
  },
  Object {
    "data": Object {
      "count": 80,
      "value": 4000,
    },
    "passed": true,
    "severity": 0,
    "type": "manuscript-maximum-words",
  },
  Object {
    "data": Object {
      "count": 80,
      "value": 2000,
    },
    "passed": false,
    "severity": 0,
    "type": "manuscript-minimum-words",
  },
  Object {
    "data": Object {
      "count": 3,
      "value": 50,
    },
    "passed": true,
    "severity": 0,
    "type": "manuscript-title-maximum-words",
  },
  Object {
    "data": Object {
      "count": 3,
      "value": 10,
    },
    "passed": false,
    "severity": 0,
    "type": "manuscript-title-minimum-words",
  },
  Object {
    "data": Object {
      "count": 17,
      "value": 80,
    },
    "passed": true,
    "severity": 0,
    "type": "manuscript-title-maximum-characters",
  },
  Object {
    "data": Object {
      "count": 17,
      "value": 20,
    },
    "passed": false,
    "severity": 0,
    "type": "manuscript-title-minimum-characters",
  },
  Object {
    "data": Object {
      "count": 1,
      "value": 15,
    },
    "passed": true,
    "severity": 0,
    "type": "manuscript-maximum-references",
  },
  Object {
    "data": Object {
      "id": "MPBibliographyItem:6C6AF046-1C45-4CC5-9F38-93BC736E5293",
    },
    "passed": false,
    "severity": 0,
    "type": "bibliography-doi-exist",
  },
  Object {
    "data": Object {
      "count": 1,
      "value": 5,
    },
    "passed": true,
    "severity": 0,
    "type": "manuscript-maximum-figures",
  },
  Object {
    "data": Object {
      "count": 1,
      "value": 3,
    },
    "passed": true,
    "severity": 0,
    "type": "manuscript-maximum-tables",
  },
  Object {
    "data": Object {
      "count": 2,
      "value": 3,
    },
    "passed": true,
    "severity": 0,
    "type": "manuscript-maximum-combined-figure-tables",
  },
  Object {
    "data": Object {
      "contentType": "image/png",
      "id": "MPFigure:C9A3CBCE-4AF4-4AD2-97B0-D2848BEFDE5A",
    },
    "passed": false,
    "severity": 0,
    "type": "figure-format-validation",
  },
]
`;
